[INFO] Scanning for projects...
[INFO] 
[INFO] ------------------------< com.devtiro:tickets >-------------------------
[INFO] Building tickets 0.0.1-SNAPSHOT
[INFO]   from pom.xml
[INFO] --------------------------------[ jar ]---------------------------------
[INFO] 
[INFO] --- clean:3.4.1:clean (default-clean) @ tickets ---
[INFO] Deleting H:\Rony\Event-Ticket-Platform\backend\target
[INFO] 
[INFO] --- resources:3.3.1:resources (default-resources) @ tickets ---
[INFO] Copying 1 resource from src\main\resources to target\classes
[INFO] Copying 1 resource from src\main\resources to target\classes
[INFO] 
[INFO] --- compiler:3.13.0:compile (default-compile) @ tickets ---
[INFO] Recompiling the module because of changed source code.
[INFO] Compiling 88 source files with javac [debug parameters release 21] to target\classes
[INFO] -------------------------------------------------------------
[WARNING] COMPILATION WARNING : 
[INFO] -------------------------------------------------------------
[WARNING] /H:/Rony/Event-Ticket-Platform/backend/src/main/java/com/devtiro/tickets/domain/entities/Event.java:[74,22] @Builder will ignore the initializing expression entirely. If you want the initializing expression to serve as default, add @Builder.Default. If it is not supposed to be settable during building, make the field final.
[WARNING] /H:/Rony/Event-Ticket-Platform/backend/src/main/java/com/devtiro/tickets/domain/entities/Event.java:[77,22] @Builder will ignore the initializing expression entirely. If you want the initializing expression to serve as default, add @Builder.Default. If it is not supposed to be settable during building, make the field final.
[WARNING] /H:/Rony/Event-Ticket-Platform/backend/src/main/java/com/devtiro/tickets/domain/entities/Event.java:[80,28] @Builder will ignore the initializing expression entirely. If you want the initializing expression to serve as default, add @Builder.Default. If it is not supposed to be settable during building, make the field final.
[WARNING] /H:/Rony/Event-Ticket-Platform/backend/src/main/java/com/devtiro/tickets/domain/entities/Ticket.java:[56,34] @Builder will ignore the initializing expression entirely. If you want the initializing expression to serve as default, add @Builder.Default. If it is not supposed to be settable during building, make the field final.
[WARNING] /H:/Rony/Event-Ticket-Platform/backend/src/main/java/com/devtiro/tickets/domain/entities/Ticket.java:[59,24] @Builder will ignore the initializing expression entirely. If you want the initializing expression to serve as default, add @Builder.Default. If it is not supposed to be settable during building, make the field final.
[WARNING] /H:/Rony/Event-Ticket-Platform/backend/src/main/java/com/devtiro/tickets/domain/entities/TicketType.java:[58,24] @Builder will ignore the initializing expression entirely. If you want the initializing expression to serve as default, add @Builder.Default. If it is not supposed to be settable during building, make the field final.
[INFO] 6 warnings 
[INFO] -------------------------------------------------------------
[INFO] -------------------------------------------------------------
[ERROR] COMPILATION ERROR : 
[INFO] -------------------------------------------------------------
[ERROR] /H:/Rony/Event-Ticket-Platform/backend/src/main/java/com/devtiro/tickets/domain/entities/User.java:[83,12] cannot find symbol
  symbol:   variable createdAt
  location: class com.devtiro.tickets.domain.entities.User
[ERROR] /H:/Rony/Event-Ticket-Platform/backend/src/main/java/com/devtiro/tickets/domain/entities/User.java:[87,9] cannot find symbol
  symbol: variable createdAt
[ERROR] /H:/Rony/Event-Ticket-Platform/backend/src/main/java/com/devtiro/tickets/domain/entities/User.java:[105,39] cannot find symbol
  symbol:   variable createdAt
  location: class com.devtiro.tickets.domain.entities.User
[ERROR] /H:/Rony/Event-Ticket-Platform/backend/src/main/java/com/devtiro/tickets/domain/entities/User.java:[105,54] cannot find symbol
  symbol:   variable createdAt
  location: variable user of type com.devtiro.tickets.domain.entities.User
[ERROR] /H:/Rony/Event-Ticket-Platform/backend/src/main/java/com/devtiro/tickets/domain/entities/User.java:[112,42] cannot find symbol
  symbol:   variable createdAt
  location: class com.devtiro.tickets.domain.entities.User
[ERROR] /H:/Rony/Event-Ticket-Platform/backend/src/main/java/com/devtiro/tickets/domain/entities/Event.java:[176,12] cannot find symbol
  symbol:   variable createdAt
  location: class com.devtiro.tickets.domain.entities.Event
[ERROR] /H:/Rony/Event-Ticket-Platform/backend/src/main/java/com/devtiro/tickets/domain/entities/Event.java:[180,9] cannot find symbol
  symbol: variable createdAt
[ERROR] /H:/Rony/Event-Ticket-Platform/backend/src/main/java/com/devtiro/tickets/domain/entities/Event.java:[200,53] cannot find symbol
  symbol:   variable createdAt
  location: class com.devtiro.tickets.domain.entities.Event
[ERROR] /H:/Rony/Event-Ticket-Platform/backend/src/main/java/com/devtiro/tickets/domain/entities/Event.java:[200,69] cannot find symbol
  symbol:   variable createdAt
  location: variable event of type com.devtiro.tickets.domain.entities.Event
[ERROR] /H:/Rony/Event-Ticket-Platform/backend/src/main/java/com/devtiro/tickets/domain/entities/Event.java:[206,84] cannot find symbol
  symbol:   variable createdAt
  location: class com.devtiro.tickets.domain.entities.Event
[ERROR] /H:/Rony/Event-Ticket-Platform/backend/src/main/java/com/devtiro/tickets/domain/entities/TicketType.java:[114,12] cannot find symbol
  symbol:   variable createdAt
  location: class com.devtiro.tickets.domain.entities.TicketType
[ERROR] /H:/Rony/Event-Ticket-Platform/backend/src/main/java/com/devtiro/tickets/domain/entities/TicketType.java:[118,9] cannot find symbol
  symbol: variable createdAt
[ERROR] /H:/Rony/Event-Ticket-Platform/backend/src/main/java/com/devtiro/tickets/domain/entities/TicketType.java:[139,27] cannot find symbol
  symbol:   variable createdAt
  location: class com.devtiro.tickets.domain.entities.TicketType
[ERROR] /H:/Rony/Event-Ticket-Platform/backend/src/main/java/com/devtiro/tickets/domain/entities/TicketType.java:[139,42] cannot find symbol
  symbol:   variable createdAt
  location: variable that of type com.devtiro.tickets.domain.entities.TicketType
[ERROR] /H:/Rony/Event-Ticket-Platform/backend/src/main/java/com/devtiro/tickets/domain/entities/TicketType.java:[145,71] cannot find symbol
  symbol:   variable createdAt
  location: class com.devtiro.tickets.domain.entities.TicketType
[ERROR] /H:/Rony/Event-Ticket-Platform/backend/src/main/java/com/devtiro/tickets/domain/entities/Ticket.java:[110,12] cannot find symbol
  symbol:   variable createdAt
  location: class com.devtiro.tickets.domain.entities.Ticket
[ERROR] /H:/Rony/Event-Ticket-Platform/backend/src/main/java/com/devtiro/tickets/domain/entities/Ticket.java:[114,9] cannot find symbol
  symbol: variable createdAt
[ERROR] /H:/Rony/Event-Ticket-Platform/backend/src/main/java/com/devtiro/tickets/domain/entities/Ticket.java:[131,87] cannot find symbol
  symbol:   variable createdAt
  location: class com.devtiro.tickets.domain.entities.Ticket
[ERROR] /H:/Rony/Event-Ticket-Platform/backend/src/main/java/com/devtiro/tickets/domain/entities/Ticket.java:[132,15] cannot find symbol
  symbol:   variable createdAt
  location: variable ticket of type com.devtiro.tickets.domain.entities.Ticket
[ERROR] /H:/Rony/Event-Ticket-Platform/backend/src/main/java/com/devtiro/tickets/domain/entities/Ticket.java:[137,37] cannot find symbol
  symbol:   variable createdAt
  location: class com.devtiro.tickets.domain.entities.Ticket
[INFO] 20 errors 
[INFO] -------------------------------------------------------------
[INFO] ------------------------------------------------------------------------
[INFO] BUILD FAILURE
[INFO] ------------------------------------------------------------------------
[INFO] Total time:  7.738 s
[INFO] Finished at: 2026-02-28T02:54:36+06:00
[INFO] ------------------------------------------------------------------------
[ERROR] Failed to execute goal org.apache.maven.plugins:maven-compiler-plugin:3.13.0:compile (default-compile) on project tickets: Compilation failure: Compilation failure: 
[ERROR] /H:/Rony/Event-Ticket-Platform/backend/src/main/java/com/devtiro/tickets/domain/entities/User.java:[83,12] cannot find symbol
[ERROR]   symbol:   variable createdAt
[ERROR]   location: class com.devtiro.tickets.domain.entities.User
[ERROR] /H:/Rony/Event-Ticket-Platform/backend/src/main/java/com/devtiro/tickets/domain/entities/User.java:[87,9] cannot find symbol
[ERROR]   symbol: variable createdAt
[ERROR] /H:/Rony/Event-Ticket-Platform/backend/src/main/java/com/devtiro/tickets/domain/entities/User.java:[105,39] cannot find symbol
[ERROR]   symbol:   variable createdAt
[ERROR]   location: class com.devtiro.tickets.domain.entities.User
[ERROR] /H:/Rony/Event-Ticket-Platform/backend/src/main/java/com/devtiro/tickets/domain/entities/User.java:[105,54] cannot find symbol
[ERROR]   symbol:   variable createdAt
[ERROR]   location: variable user of type com.devtiro.tickets.domain.entities.User
[ERROR] /H:/Rony/Event-Ticket-Platform/backend/src/main/java/com/devtiro/tickets/domain/entities/User.java:[112,42] cannot find symbol
[ERROR]   symbol:   variable createdAt
[ERROR]   location: class com.devtiro.tickets.domain.entities.User
[ERROR] /H:/Rony/Event-Ticket-Platform/backend/src/main/java/com/devtiro/tickets/domain/entities/Event.java:[176,12] cannot find symbol
[ERROR]   symbol:   variable createdAt
[ERROR]   location: class com.devtiro.tickets.domain.entities.Event
[ERROR] /H:/Rony/Event-Ticket-Platform/backend/src/main/java/com/devtiro/tickets/domain/entities/Event.java:[180,9] cannot find symbol
[ERROR]   symbol: variable createdAt
[ERROR] /H:/Rony/Event-Ticket-Platform/backend/src/main/java/com/devtiro/tickets/domain/entities/Event.java:[200,53] cannot find symbol
[ERROR]   symbol:   variable createdAt
[ERROR]   location: class com.devtiro.tickets.domain.entities.Event
[ERROR] /H:/Rony/Event-Ticket-Platform/backend/src/main/java/com/devtiro/tickets/domain/entities/Event.java:[200,69] cannot find symbol
[ERROR]   symbol:   variable createdAt
[ERROR]   location: variable event of type com.devtiro.tickets.domain.entities.Event
[ERROR] /H:/Rony/Event-Ticket-Platform/backend/src/main/java/com/devtiro/tickets/domain/entities/Event.java:[206,84] cannot find symbol
[ERROR]   symbol:   variable createdAt
[ERROR]   location: class com.devtiro.tickets.domain.entities.Event
[ERROR] /H:/Rony/Event-Ticket-Platform/backend/src/main/java/com/devtiro/tickets/domain/entities/TicketType.java:[114,12] cannot find symbol
[ERROR]   symbol:   variable createdAt
[ERROR]   location: class com.devtiro.tickets.domain.entities.TicketType
[ERROR] /H:/Rony/Event-Ticket-Platform/backend/src/main/java/com/devtiro/tickets/domain/entities/TicketType.java:[118,9] cannot find symbol
[ERROR]   symbol: variable createdAt
[ERROR] /H:/Rony/Event-Ticket-Platform/backend/src/main/java/com/devtiro/tickets/domain/entities/TicketType.java:[139,27] cannot find symbol
[ERROR]   symbol:   variable createdAt
[ERROR]   location: class com.devtiro.tickets.domain.entities.TicketType
[ERROR] /H:/Rony/Event-Ticket-Platform/backend/src/main/java/com/devtiro/tickets/domain/entities/TicketType.java:[139,42] cannot find symbol
[ERROR]   symbol:   variable createdAt
[ERROR]   location: variable that of type com.devtiro.tickets.domain.entities.TicketType
[ERROR] /H:/Rony/Event-Ticket-Platform/backend/src/main/java/com/devtiro/tickets/domain/entities/TicketType.java:[145,71] cannot find symbol
[ERROR]   symbol:   variable createdAt
[ERROR]   location: class com.devtiro.tickets.domain.entities.TicketType
[ERROR] /H:/Rony/Event-Ticket-Platform/backend/src/main/java/com/devtiro/tickets/domain/entities/Ticket.java:[110,12] cannot find symbol
[ERROR]   symbol:   variable createdAt
[ERROR]   location: class com.devtiro.tickets.domain.entities.Ticket
[ERROR] /H:/Rony/Event-Ticket-Platform/backend/src/main/java/com/devtiro/tickets/domain/entities/Ticket.java:[114,9] cannot find symbol
[ERROR]   symbol: variable createdAt
[ERROR] /H:/Rony/Event-Ticket-Platform/backend/src/main/java/com/devtiro/tickets/domain/entities/Ticket.java:[131,87] cannot find symbol
[ERROR]   symbol:   variable createdAt
[ERROR]   location: class com.devtiro.tickets.domain.entities.Ticket
[ERROR] /H:/Rony/Event-Ticket-Platform/backend/src/main/java/com/devtiro/tickets/domain/entities/Ticket.java:[132,15] cannot find symbol
[ERROR]   symbol:   variable createdAt
[ERROR]   location: variable ticket of type com.devtiro.tickets.domain.entities.Ticket
[ERROR] /H:/Rony/Event-Ticket-Platform/backend/src/main/java/com/devtiro/tickets/domain/entities/Ticket.java:[137,37] cannot find symbol
[ERROR]   symbol:   variable createdAt
[ERROR]   location: class com.devtiro.tickets.domain.entities.Ticket
[ERROR] -> [Help 1]
[ERROR] 
[ERROR] To see the full stack trace of the errors, re-run Maven with the -e switch.
[ERROR] Re-run Maven using the -X switch to enable full debug logging.
[ERROR] 
[ERROR] For more information about the errors and possible solutions, please read the following articles:
[ERROR] [Help 1] http://cwiki.apache.org/confluence/display/MAVEN/MojoFailureException
